[KKadens-MBP-2:MGMT2340(managerial_statistics)  kaden$ git status
On branch master

No commits yet

Untracked files:
  (use "git add <file>..." to include in what will be committed)

	[31m../.CFUserTextEncoding[m
	[31m../.FamilySearchIndexing/[m
	[31m../.RData[m
	[31m../.Rapp.history[m
	[31m../.Rhistory[m
	[31m../.Trash/[m
	[31m../.adobe/[m
	[31m../.bash_history[m
	[31m../.bash_sessions/[m
	[31m../.cups/[m
	[31m../.gitconfig[m
	[31m../.lesshst[m
	[31m../.rstudio-desktop/[m
	[31m../.subversion/[m
	[31m../.viminfo[m
	[31m../Applications/[m
	[31m../Creative Cloud Files/[m
	[31m../Desktop/[m
	[31m../Documents/[m
	[31m../Downloads/[m
	[31m../ELO Sports Indexings and Analysis/[m
	[31m../Killpack.pop.stat/[m
	[31m../Killpack.pop.stats/[m
	[31m../KillpackStatsPackage 2/[m
	[31m../KillpackStatsPackage/[m
	[31m../KillpackStatsPackage_0.1.0.tgz[m
	[31m../Library/[m
	[31m./[m
	[31m../Movies/[m
	[31m../Music/[m
	[31m../NFL+ANALYTICAL+KILLPACK/[m
	[31m../Pictures/[m
	[31m../Public/[m
	[31m../RedSox&MLB+Analysis/[m
	[31m../jobq.dat[m

nothing added to commit but untracked files present (use "git add" to track)
]0;~/MGMT2340(managerial_statistics)Kadens-MBP-2:MGMT2340(managerial_statistics)  kaden$ echo "# MGMT 2350[K[K40[1@"[C[C[C[C[C[C[C[C[C" >> README.md
> 
]0;~/MGMT2340(managerial_statistics)Kadens-MBP-2:MGMT2340(managerial_statistics)  kaden$ git init
Initialized empty Git repository in /Users/kaden/MGMT2340(managerial_statistics)/.git/
]0;~/MGMT2340(managerial_statistics)Kadens-MBP-2:MGMT2340(managerial_statistics)  kaden$ git add README>[K.md
]0;~/MGMT2340(managerial_statistics)Kadens-MBP-2:MGMT2340(managerial_statistics)  kaden$ git add MGMT2340(managerial_statisti cs)[C.Rproj
bash: syntax error near unexpected token `('
]0;~/MGMT2340(managerial_statistics)Kadens-MBP-2:MGMT2340(managerial_statistics)  kaden$ git add Chapter RMD's
> 
]0;~/MGMT2340(managerial_statistics)Kadens-MBP-2:MGMT2340(managerial_statistics)  kaden$ git add Exams
]0;~/MGMT2340(managerial_statistics)Kadens-MBP-2:MGMT2340(managerial_statistics)  kaden$ git add Quiz'z
> 
]0;~/MGMT2340(managerial_statistics)Kadens-MBP-2:MGMT2340(managerial_statistics)  kaden$ git add .RData
]0;~/MGMT2340(managerial_statistics)Kadens-MBP-2:MGMT2340(managerial_statistics)  kaden$ git add .RH[Khistory
]0;~/MGMT2340(managerial_statistics)Kadens-MBP-2:MGMT2340(managerial_statistics)  kaden$ git commit -m 'first commit[1P[1@"[C[C[C[C[C[C[C[C[C[C[C[C"
[master (root-commit) 807e4fd] first commit
 8 files changed, 2184 insertions(+)
 create mode 100644 .RData
 create mode 100644 .Rhistory
 create mode 100644 Exams/Exam 2.nb.html
 create mode 100644 Exams/Exam2.Rmd
 create mode 100644 Exams/Exam2.nb.html
 create mode 100644 Exams/Exam3.Rmd
 create mode 100644 Exams/Exam3.nb.html
 create mode 100644 README.md
]0;~/MGMT2340(managerial_statistics)Kadens-MBP-2:MGMT2340(managerial_statistics)  kaden$ git remod[Kte add https://github.com/KJ KILLPACK/KillpackStats.git
usage: git remote add [<options>] <name> <url>

    -f, --fetch           fetch the remote branches
    --tags                import all tags and associated objects when fetching
                          or do not fetch any tag at all (--no-tags)
    -t, --track <branch>  branch(es) to track
    -m, --master <branch>
                          master branch
    --mirror[=<push|fetch>]
                          set up remote as a mirror to push to or fetch from

]0;~/MGMT2340(managerial_statistics)Kadens-MBP-2:MGMT2340(managerial_statistics)  kaden$ git push -u origin master
fatal: 'origin' does not appear to be a git repository
fatal: Could not read from remote repository.

Please make sure you have the correct access rights
and the repository exists.
]0;~/MGMT2340(managerial_statistics)Kadens-MBP-2:MGMT2340(managerial_statistics)  kaden$ git status
On branch master
Untracked files:
  (use "git add <file>..." to include in what will be committed)

	[31m.Rproj.user/[m
	[31mChapter RMD's/[m
	[31mMGMT2340(managerial_statistics).Rproj[m
	[31mQuiz'z/[m

nothing added to commit but untracked files present (use "git add" to track)
]0;~/MGMT2340(managerial_statistics)Kadens-MBP-2:MGMT2340(managerial_statistics)  kaden$ git add /Rpo[Kroj[K[K[K[K[K[K.Rproj.user/
]0;~/MGMT2340(managerial_statistics)Kadens-MBP-2:MGMT2340(managerial_statistics)  kaden$ git add Chapter RMD;s[K[K's/
> 
]0;~/MGMT2340(managerial_statistics)Kadens-MBP-2:MGMT2340(managerial_statistics)  kaden$ git add Quiz'z/
> 
]0;~/MGMT2340(managerial_statistics)Kadens-MBP-2:MGMT2340(managerial_statistics)  kaden$ git add MGMT2340(managerial_statisti cs).Rproj
bash: syntax error near unexpected token `('
]0;~/MGMT2340(managerial_statistics)Kadens-MBP-2:MGMT2340(managerial_statistics)  kaden$ git remote add origin https"[K://github .com/KJKILLPACK/MGMT2350[K[K40bcak[K[K[Kackup.git
]0;~/MGMT2340(managerial_statistics)Kadens-MBP-2:MGMT2340(managerial_statistics)  kaden$ git p[Kpush - [K[K[K[K[K[K[Kstatys[K[K[K[K[K[Kpush -u oriding[K[K[K[Kgin master
To https://github.com/KJKILLPACK/MGMT2340backup.git
 [31m! [rejected]       [m master -> master (fetch first)
[31merror: failed to push some refs to 'https://github.com/KJKILLPACK/MGMT2340backup.git'
[m[33mhint: Updates were rejected because the remote contains work that you do[m
[33mhint: not have locally. This is usually caused by another repository pushing[m
[33mhint: to the same ref. You may want to first integrate the remote changes[m
[33mhint: (e.g., 'git pull ...') before pushing again.[m
[33mhint: See the 'Note about fast-forwards' in 'git push --help' for details.[m
]0;~/MGMT2340(managerial_statistics)Kadens-MBP-2:MGMT2340(managerial_statistics)  kaden$ gti [K[K[K[Ki[Kgit status
On branch master
Changes to be committed:
  (use "git reset HEAD <file>..." to unstage)

	[32mnew file:   .Rproj.user/3314FC08/console06/F1DA1B9D[m
	[32mnew file:   .Rproj.user/3314FC08/console06/F1DA1B9D.env[m
	[32mnew file:   .Rproj.user/3314FC08/console06/INDEX001[m
	[32mnew file:   .Rproj.user/3314FC08/pcs/debug-breakpoints.pper[m
	[32mnew file:   .Rproj.user/3314FC08/pcs/files-pane.pper[m
	[32mnew file:   .Rproj.user/3314FC08/pcs/packages-pane.pper[m
	[32mnew file:   .Rproj.user/3314FC08/pcs/source-pane.pper[m
	[32mnew file:   .Rproj.user/3314FC08/pcs/windowlayoutstate.pper[m
	[32mnew file:   .Rproj.user/3314FC08/pcs/workbench-pane.pper[m
	[32mnew file:   .Rproj.user/3314FC08/rmd-outputs[m
	[32mnew file:   .Rproj.user/3314FC08/saved_source_markers[m
	[32mnew file:   .Rproj.user/3314FC08/sources/prop/1931FDB8[m
	[32mnew file:   .Rproj.user/3314FC08/sources/prop/217814A7[m
	[32mnew file:   .Rproj.user/3314FC08/sources/prop/23BAB50C[m
	[32mnew file:   .Rproj.user/3314FC08/sources/prop/38FBECC2[m
	[32mnew file:   .Rproj.user/3314FC08/sources/prop/402A6B63[m
	[32mnew file:   .Rproj.user/3314FC08/sources/prop/48387CA0[m
	[32mnew file:   .Rproj.user/3314FC08/sources/prop/4A7734A0[m
	[32mnew file:   .Rproj.user/3314FC08/sources/prop/52CC1006[m
	[32mnew file:   .Rproj.user/3314FC08/sources/prop/6353F458[m
	[32mnew file:   .Rproj.user/3314FC08/sources/prop/748C1C79[m
	[32mnew file:   .Rproj.user/3314FC08/sources/prop/83B4BE34[m
	[32mnew file:   .Rproj.user/3314FC08/sources/prop/87AC1E4[m
	[32mnew file:   .Rproj.user/3314FC08/sources/prop/AA884879[m
	[32mnew file:   .Rproj.user/3314FC08/sources/prop/AE98BBB[m
	[32mnew file:   .Rproj.user/3314FC08/sources/prop/B3894520[m
	[32mnew file:   .Rproj.user/3314FC08/sources/prop/BD6EEC32[m
	[32mnew file:   .Rproj.user/3314FC08/sources/prop/D5C86103[m
	[32mnew file:   .Rproj.user/3314FC08/sources/prop/E0A1CFE3[m
	[32mnew file:   .Rproj.user/3314FC08/sources/prop/F7C50CA5[m
	[32mnew file:   .Rproj.user/3314FC08/sources/prop/INDEX[m
	[32mnew file:   .Rproj.user/3314FC08/sources/s-BFA2856F/16E95AE6[m
	[32mnew file:   .Rproj.user/3314FC08/sources/s-BFA2856F/16E95AE6-contents[m
	[32mnew file:   .Rproj.user/3314FC08/sources/s-BFA2856F/4E258B59-contents[m
	[32mnew file:   .Rproj.user/3314FC08/sources/s-BFA2856F/5541D42C[m
	[32mnew file:   .Rproj.user/3314FC08/sources/s-BFA2856F/5541D42C-contents[m
	[32mnew file:   .Rproj.user/3314FC08/sources/s-BFA2856F/AE50CF1A[m
	[32mnew file:   .Rproj.user/3314FC08/sources/s-BFA2856F/AE50CF1A-contents[m
	[32mnew file:   .Rproj.user/3314FC08/sources/s-BFA2856F/BE3B989A[m
	[32mnew file:   .Rproj.user/3314FC08/sources/s-BFA2856F/BE3B989A-contents[m
	[32mnew file:   .Rproj.user/3314FC08/sources/s-BFA2856F/EE9B3632-contents[m
	[32mnew file:   .Rproj.user/3314FC08/sources/s-BFA2856F/lock_file[m
	[32mnew file:   .Rproj.user/shared/notebooks/64520572-FIVETHIRTYEIGHT/1/s/chunks.json[m
	[32mnew file:   .Rproj.user/shared/notebooks/64520572-FIVETHIRTYEIGHT/1/s/cobe2y1uucaot/000012.csv[m
	[32mnew file:   .Rproj.user/shared/notebooks/64520572-FIVETHIRTYEIGHT/1/s/cobe2y1uucaot/000013.metadata[m
	[32mnew file:   .Rproj.user/shared/notebooks/64520572-FIVETHIRTYEIGHT/1/s/cobe2y1uucaot/000013.png[m
	[32mnew file:   .Rproj.user/shared/notebooks/64520572-FIVETHIRTYEIGHT/1/s/cobe2y1uucaot/000013.snapshot[m
	[32mnew file:   .Rproj.user/shared/notebooks/64520572-FIVETHIRTYEIGHT/1/s/cobe2y1uucaot/temp/000013.png[m
	[32mnew file:   .Rproj.user/shared/notebooks/64520572-FIVETHIRTYEIGHT/1/s/cqyag3aslpjzi/000002.csv[m
	[32mnew file:   .Rproj.user/shared/notebooks/78C9059A-Chapter3/1/3314FC084C86AA23/chunks.json[m
	[32mnew file:   .Rproj.user/shared/notebooks/78C9059A-Chapter3/1/s/c059hkjq03bid/000002.csv[m
	[32mnew file:   .Rproj.user/shared/notebooks/78C9059A-Chapter3/1/s/c2lwn6eu8idgf/000002.csv[m
	[32mnew file:   .Rproj.user/shared/notebooks/78C9059A-Chapter3/1/s/c5fzkoskvmz0n/000002.csv[m
	[32mnew file:   .Rproj.user/shared/notebooks/78C9059A-Chapter3/1/s/c9cvdg1xemt9q/000002.csv[m
	[32mnew file:   .Rproj.user/shared/notebooks/78C9059A-Chapter3/1/s/c9sa9k9izy3w2/000002.csv[m
	[32mnew file:   .Rproj.user/shared/notebooks/78C9059A-Chapter3/1/s/cc00vta1ksuww/000002.csv[m
	[32mnew file:   .Rproj.user/shared/notebooks/78C9059A-Chapter3/1/s/cdu0fal62zzdt/000002.csv[m
	[32mnew file:   .Rproj.user/shared/notebooks/78C9059A-Chapter3/1/s/cf8wt9m6m79kl/000002.csv[m
	[32mnew file:   .Rproj.user/shared/notebooks/78C9059A-Chapter3/1/s/cf8wt9m6m79kl/000003.metadata[m
	[32mnew file:   .Rproj.user/shared/notebooks/78C9059A-Chapter3/1/s/cf8wt9m6m79kl/000003.rdf[m
	[32mnew file:   .Rproj.user/shared/notebooks/78C9059A-Chapter3/1/s/chunks.json[m
	[32mnew file:   .Rproj.user/shared/notebooks/78C9059A-Chapter3/1/s/cjslpczapgddk/000002.csv[m
	[32mnew file:   .Rproj.user/shared/notebooks/78C9059A-Chapter3/1/s/cqzb4tn4n1lqu/000002.csv[m
	[32mnew file:   .Rproj.user/shared/notebooks/78C9059A-Chapter3/1/s/csp1ltszoh8qp/000002.csv[m
	[32mnew file:   .Rproj.user/shared/notebooks/78C9059A-Chapter3/1/s/cubzhhw002n8u/000002.csv[m
	[32mnew file:   .Rproj.user/shared/notebooks/78C9059A-Chapter3/1/s/czngodp0exmq1/000002.csv[m
	[32mnew file:   .Rproj.user/shared/notebooks/78C9059A-Chapter3/1/s/czngodp0exmq1/000003.png[m
	[32mnew file:   .Rproj.user/shared/notebooks/A71F4C77-Red+Sox+Analysis/1/3314FC08A97B5A68/chunks.json[m
	[32mnew file:   .Rproj.user/shared/notebooks/A71F4C77-Red+Sox+Analysis/1/s/c011x8qtxv4hl/000006.csv[m
	[32mnew file:   .Rproj.user/shared/notebooks/A71F4C77-Red+Sox+Analysis/1/s/c40nubnihelhn/000004.csv[m
	[32mnew file:   .Rproj.user/shared/notebooks/A71F4C77-Red+Sox+Analysis/1/s/c40nubnihelhn/000005.metadata[m
	[32mnew file:   .Rproj.user/shared/notebooks/A71F4C77-Red+Sox+Analysis/1/s/c40nubnihelhn/000005.png[m
	[32mnew file:   .Rproj.user/shared/notebooks/A71F4C77-Red+Sox+Analysis/1/s/c40nubnihelhn/000005.snapshot[m
	[32mnew file:   .Rproj.user/shared/notebooks/A71F4C77-Red+Sox+Analysis/1/s/c40nubnihelhn/temp/000005.png[m
	[32mnew file:   .Rproj.user/shared/notebooks/A71F4C77-Red+Sox+Analysis/1/s/c7tgwfrkkdgm7/000041.csv[m
	[32mnew file:   .Rproj.user/shared/notebooks/A71F4C77-Red+Sox+Analysis/1/s/c7tgwfrkkdgm7/000042.metadata[m
	[32mnew file:   .Rproj.user/shared/notebooks/A71F4C77-Red+Sox+Analysis/1/s/c7tgwfrkkdgm7/000042.png[m
	[32mnew file:   .Rproj.user/shared/notebooks/A71F4C77-Red+Sox+Analysis/1/s/c7tgwfrkkdgm7/000042.snapshot[m
	[32mnew file:   .Rproj.user/shared/notebooks/A71F4C77-Red+Sox+Analysis/1/s/c9poe33joskfr/00001e.csv[m
	[32mnew file:   .Rproj.user/shared/notebooks/A71F4C77-Red+Sox+Analysis/1/s/cavpus86ep34y/000040.csv[m
	[32mnew file:   .Rproj.user/shared/notebooks/A71F4C77-Red+Sox+Analysis/1/s/cavpus86ep34y/000041.metadata[m
	[32mnew file:   .Rproj.user/shared/notebooks/A71F4C77-Red+Sox+Analysis/1/s/cavpus86ep34y/000041.png[m
	[32mnew file:   .Rproj.user/shared/notebooks/A71F4C77-Red+Sox+Analysis/1/s/cavpus86ep34y/000041.snapshot[m
	[32mnew file:   .Rproj.user/shared/notebooks/A71F4C77-Red+Sox+Analysis/1/s/cavpus86ep34y/000042.csv[m
	[32mnew file:   .Rproj.user/shared/notebooks/A71F4C77-Red+Sox+Analysis/1/s/cavpus86ep34y/000043.metadata[m
	[32mnew file:   .Rproj.user/shared/notebooks/A71F4C77-Red+Sox+Analysis/1/s/cavpus86ep34y/000043.png[m
	[32mnew file:   .Rproj.user/shared/notebooks/A71F4C77-Red+Sox+Analysis/1/s/cavpus86ep34y/000043.snapshot[m
	[32mnew file:   .Rproj.user/shared/notebooks/A71F4C77-Red+Sox+Analysis/1/s/cavpus86ep34y/temp/000041.png[m
	[32mnew file:   .Rproj.user/shared/notebooks/A71F4C77-Red+Sox+Analysis/1/s/cavpus86ep34y/temp/000043.png[m
	[32mnew file:   .Rproj.user/shared/notebooks/A71F4C77-Red+Sox+Analysis/1/s/chunks.json[m
	[32mnew file:   .Rproj.user/shared/notebooks/A71F4C77-Red+Sox+Analysis/1/s/ci0arm2pvcjzm/000004.csv[m
	[32mnew file:   .Rproj.user/shared/notebooks/A71F4C77-Red+Sox+Analysis/1/s/cipm1yng4pgwh/000002.csv[m
	[32mnew file:   .Rproj.user/shared/notebooks/A71F4C77-Red+Sox+Analysis/1/s/cl2ifu6q4l9xz/000002.csv[m
	[32mnew file:   .Rproj.user/shared/notebooks/A71F4C77-Red+Sox+Analysis/1/s/cm36bayxq1d75/000002.csv[m
	[32mnew file:   .Rproj.user/shared/notebooks/A71F4C77-Red+Sox+Analysis/1/s/cm36bayxq1d75/000003.metadata[m
	[32mnew file:   .Rproj.user/shared/notebooks/A71F4C77-Red+Sox+Analysis/1/s/cm36bayxq1d75/000003.png[m
	[32mnew file:   .Rproj.user/shared/notebooks/A71F4C77-Red+Sox+Analysis/1/s/cm36bayxq1d75/000003.snapshot[m
	[32mnew file:   .Rproj.user/shared/notebooks/A71F4C77-Red+Sox+Analysis/1/s/cmoonsovj9uqi/00002a.csv[m
	[32mnew file:   .Rproj.user/shared/notebooks/A71F4C77-Red+Sox+Analysis/1/s/cmoonsovj9uqi/00002b.metadata[m
	[32mnew file:   .Rproj.user/shared/notebooks/A71F4C77-Red+Sox+Analysis/1/s/cmoonsovj9uqi/00002b.png[m
	[32mnew file:   .Rproj.user/shared/notebooks/A71F4C77-Red+Sox+Analysis/1/s/cmoonsovj9uqi/00002b.snapshot[m
	[32mnew file:   .Rproj.user/shared/notebooks/A71F4C77-Red+Sox+Analysis/1/s/cmoonsovj9uqi/00002c.csv[m
	[32mnew file:   .Rproj.user/shared/notebooks/A71F4C77-Red+Sox+Analysis/1/s/cmoonsovj9uqi/temp/00002b.png[m
	[32mnew file:   .Rproj.user/shared/notebooks/A71F4C77-Red+Sox+Analysis/1/s/cqb8xjq3lkndc/000018.csv[m
	[32mnew file:   .Rproj.user/shared/notebooks/A71F4C77-Red+Sox+Analysis/1/s/cqb8xjq3lkndc/000019.metadata[m
	[32mnew file:   .Rproj.user/shared/notebooks/A71F4C77-Red+Sox+Analysis/1/s/cqb8xjq3lkndc/000019.png[m
	[32mnew file:   .Rproj.user/shared/notebooks/A71F4C77-Red+Sox+Analysis/1/s/cqb8xjq3lkndc/000019.snapshot[m
	[32mnew file:   .Rproj.user/shared/notebooks/A71F4C77-Red+Sox+Analysis/1/s/cqb8xjq3lkndc/00001a.csv[m
	[32mnew file:   .Rproj.user/shared/notebooks/A71F4C77-Red+Sox+Analysis/1/s/cqb8xjq3lkndc/00001b.metadata[m
	[32mnew file:   .Rproj.user/shared/notebooks/A71F4C77-Red+Sox+Analysis/1/s/cqb8xjq3lkndc/00001b.png[m
	[32mnew file:   .Rproj.user/shared/notebooks/A71F4C77-Red+Sox+Analysis/1/s/cqb8xjq3lkndc/00001b.snapshot[m
	[32mnew file:   .Rproj.user/shared/notebooks/A71F4C77-Red+Sox+Analysis/1/s/cqb8xjq3lkndc/temp/000019.png[m
	[32mnew file:   .Rproj.user/shared/notebooks/A71F4C77-Red+Sox+Analysis/1/s/cqb8xjq3lkndc/temp/00001b.png[m
	[32mnew file:   .Rproj.user/shared/notebooks/A71F4C77-Red+Sox+Analysis/1/s/cydpbk80stknx/00001a.metadata[m
	[32mnew file:   .Rproj.user/shared/notebooks/A71F4C77-Red+Sox+Analysis/1/s/cydpbk80stknx/00001a.png[m
	[32mnew file:   .Rproj.user/shared/notebooks/A71F4C77-Red+Sox+Analysis/1/s/cydpbk80stknx/00001a.snapshot[m
	[32mnew file:   .Rproj.user/shared/notebooks/A71F4C77-Red+Sox+Analysis/1/s/cydpbk80stknx/temp/00001a.png[m
	[32mnew file:   .Rproj.user/shared/notebooks/A71F4C77-Red+Sox+Analysis/1/s/cyozqhwemgrzv/000037.metadata[m
	[32mnew file:   .Rproj.user/shared/notebooks/A71F4C77-Red+Sox+Analysis/1/s/cyozqhwemgrzv/000037.png[m
	[32mnew file:   .Rproj.user/shared/notebooks/A71F4C77-Red+Sox+Analysis/1/s/cyozqhwemgrzv/000037.snapshot[m
	[32mnew file:   .Rproj.user/shared/notebooks/C49CA3D5-Quiz2/1/s/c5djwc5hhu581/000002.csv[m
	[32mnew file:   .Rproj.user/shared/notebooks/C49CA3D5-Quiz2/1/s/c5djwc5hhu581/000003.error[m
	[32mnew file:   .Rproj.user/shared/notebooks/C49CA3D5-Quiz2/1/s/chunks.json[m
	[32mnew file:   .Rproj.user/shared/notebooks/C49CA3D5-Quiz2/1/s/csetup_chunk/000002.csv[m
	[32mnew file:   .Rproj.user/shared/notebooks/C690D0E-fivethirtyeight/1/s/c6rluhlqcyvha/000006.csv[m
	[32mnew file:   .Rproj.user/shared/notebooks/C690D0E-fivethirtyeight/1/s/c6rluhlqcyvha/000007.html[m
	[32mnew file:   .Rproj.user/shared/notebooks/C690D0E-fivethirtyeight/1/s/c6rluhlqcyvha/000007.metadata[m
	[32mnew file:   .Rproj.user/shared/notebooks/C690D0E-fivethirtyeight/1/s/c7oyveavisp1h/000004.csv[m
	[32mnew file:   .Rproj.user/shared/notebooks/C690D0E-fivethirtyeight/1/s/chunks.json[m
	[32mnew file:   .Rproj.user/shared/notebooks/DACAC499-Chp4/1/3314FC0837CD6219/chunks.json[m
	[32mnew file:   .Rproj.user/shared/notebooks/DACAC499-Chp4/1/s/c3musi3ouvi92/000002.csv[m
	[32mnew file:   .Rproj.user/shared/notebooks/DACAC499-Chp4/1/s/c8859dvu7ny5t/000002.csv[m
	[32mnew file:   .Rproj.user/shared/notebooks/DACAC499-Chp4/1/s/cf955j6adqq1q/000002.csv[m
	[32mnew file:   .Rproj.user/shared/notebooks/DACAC499-Chp4/1/s/chunks.json[m
	[32mnew file:   .Rproj.user/shared/notebooks/DACAC499-Chp4/1/s/cpva1m3q8q2ug/000002.csv[m
	[32mnew file:   .Rproj.user/shared/notebooks/EAA76E4A-Exam3/1/3314FC084C86AA23/chunks.json[m
	[32mnew file:   .Rproj.user/shared/notebooks/EAA76E4A-Exam3/1/s/c0m789ttn2u1t/000002.csv[m
	[32mnew file:   .Rproj.user/shared/notebooks/EAA76E4A-Exam3/1/s/c1ebyio08keef/000002.csv[m
	[32mnew file:   .Rproj.user/shared/notebooks/EAA76E4A-Exam3/1/s/c1ebyio08keef/000003.png[m
	[32mnew file:   .Rproj.user/shared/notebooks/EAA76E4A-Exam3/1/s/c1qh93by3caqc/000004.csv[m
	[32mnew file:   .Rproj.user/shared/notebooks/EAA76E4A-Exam3/1/s/c3uzvjjzv2wu2/000004.csv[m
	[32mnew file:   .Rproj.user/shared/notebooks/EAA76E4A-Exam3/1/s/c79jwih0hpxlu/000002.csv[m
	[32mnew file:   .Rproj.user/shared/notebooks/EAA76E4A-Exam3/1/s/c7b0ugzc5ynqc/000012.csv[m
	[32mnew file:   .Rproj.user/shared/notebooks/EAA76E4A-Exam3/1/s/c98k5vks39kr2/000002.csv[m
	[32mnew file:   .Rproj.user/shared/notebooks/EAA76E4A-Exam3/1/s/c9jw0mo0cintq/000002.csv[m
	[32mnew file:   .Rproj.user/shared/notebooks/EAA76E4A-Exam3/1/s/ccalg76c1xzvn/000002.csv[m
	[32mnew file:   .Rproj.user/shared/notebooks/EAA76E4A-Exam3/1/s/cg8u2br5wcqui/000006.csv[m
	[32mnew file:   .Rproj.user/shared/notebooks/EAA76E4A-Exam3/1/s/cgp8oww1aqlt8/000002.csv[m
	[32mnew file:   .Rproj.user/shared/notebooks/EAA76E4A-Exam3/1/s/chg1pyfdp5hxq/000014.csv[m
	[32mnew file:   .Rproj.user/shared/notebooks/EAA76E4A-Exam3/1/s/chg1pyfdp5hxq/000016.csv[m
	[32mnew file:   .Rproj.user/shared/notebooks/EAA76E4A-Exam3/1/s/chg1pyfdp5hxq/000017.metadata[m
	[32mnew file:   .Rproj.user/shared/notebooks/EAA76E4A-Exam3/1/s/chg1pyfdp5hxq/000017.png[m
	[32mnew file:   .Rproj.user/shared/notebooks/EAA76E4A-Exam3/1/s/chg1pyfdp5hxq/000017.snapshot[m
	[32mnew file:   .Rproj.user/shared/notebooks/EAA76E4A-Exam3/1/s/chg1pyfdp5hxq/000018.csv[m
	[32mnew file:   .Rproj.user/shared/notebooks/EAA76E4A-Exam3/1/s/chg1pyfdp5hxq/000019.metadata[m
	[32mnew file:   .Rproj.user/shared/notebooks/EAA76E4A-Exam3/1/s/chg1pyfdp5hxq/000019.png[m
	[32mnew file:   .Rproj.user/shared/notebooks/EAA76E4A-Exam3/1/s/chg1pyfdp5hxq/000019.snapshot[m
	[32mnew file:   .Rproj.user/shared/notebooks/EAA76E4A-Exam3/1/s/chunks.json[m
	[32mnew file:   .Rproj.user/shared/notebooks/EAA76E4A-Exam3/1/s/ci66ttg16swc0/000008.csv[m
	[32mnew file:   .Rproj.user/shared/notebooks/EAA76E4A-Exam3/1/s/cllmo6jotxk47/000002.csv[m
	[32mnew file:   .Rproj.user/shared/notebooks/EAA76E4A-Exam3/1/s/cn548sqr4ypjz/000008.csv[m
	[32mnew file:   .Rproj.user/shared/notebooks/EAA76E4A-Exam3/1/s/cn548sqr4ypjz/000009.metadata[m
	[32mnew file:   .Rproj.user/shared/notebooks/EAA76E4A-Exam3/1/s/cn548sqr4ypjz/000009.png[m
	[32mnew file:   .Rproj.user/shared/notebooks/EAA76E4A-Exam3/1/s/cn548sqr4ypjz/000009.snapshot[m
	[32mnew file:   .Rproj.user/shared/notebooks/EAA76E4A-Exam3/1/s/cn548sqr4ypjz/00000a.csv[m
	[32mnew file:   .Rproj.user/shared/notebooks/EAA76E4A-Exam3/1/s/co6zl27k80sx7/000002.csv[m
	[32mnew file:   .Rproj.user/shared/notebooks/EAA76E4A-Exam3/1/s/couke6v164exr/000012.csv[m
	[32mnew file:   .Rproj.user/shared/notebooks/EAA76E4A-Exam3/1/s/cpjzzpcngnhkd/000006.csv[m
	[32mnew file:   .Rproj.user/shared/notebooks/EAA76E4A-Exam3/1/s/cr2rnwpy58ulc/000008.csv[m
	[32mnew file:   .Rproj.user/shared/notebooks/EAA76E4A-Exam3/1/s/crl980i16fevq/000002.csv[m
	[32mnew file:   .Rproj.user/shared/notebooks/EAA76E4A-Exam3/1/s/cs4q22k9dc1r6/000002.csv[m
	[32mnew file:   .Rproj.user/shared/notebooks/EAA76E4A-Exam3/1/s/czdp9nbebvebl/000004.csv[m
	[32mnew file:   .Rproj.user/shared/notebooks/ECF3A439-Untitled/1/s/c2i0ywcgarlvu/000002.csv[m
	[32mnew file:   .Rproj.user/shared/notebooks/ECF3A439-Untitled/1/s/ccd1jq7i8fpih/000004.csv[m
	[32mnew file:   .Rproj.user/shared/notebooks/ECF3A439-Untitled/1/s/ccd1jq7i8fpih/000005.error[m
	[32mnew file:   .Rproj.user/shared/notebooks/ECF3A439-Untitled/1/s/chunks.json[m
	[32mnew file:   .Rproj.user/shared/notebooks/ECF3A439-Untitled/1/s/cse197njpzn3z/000002.csv[m
	[32mnew file:   .Rproj.user/shared/notebooks/patch-chunk-names[m
	[32mnew file:   .Rproj.user/shared/notebooks/paths[m

Changes not staged for commit:
  (use "git add <file>..." to update what will be committed)
  (use "git checkout -- <file>..." to discard changes in working directory)

	[31mmodified:   .Rproj.user/3314FC08/console06/F1DA1B9D[m

Untracked files:
  (use "git add <file>..." to include in what will be committed)

	[31mChapter RMD's/[m
	[31mMGMT2340(managerial_statistics).Rproj[m
	[31mQuiz'z/[m

]0;~/MGMT2340(managerial_statistics)Kadens-MBP-2:MGMT2340(managerial_statistics)  kaden$ git remote add origin https://github .com/KJKILLPACK[K[K[K[K[K[K[K[K[K[K[K[K[K[K[K[A[C[C[C[C[C[C[C[C[C[C[C[C[C[C[C[C[C[C[C[C[C[C[C[C[C[C[C[C[C[C[C[C[C[C[C[C[C[C[C[C[C[C[C[K
[K[A[C[C[C[C[C[C[C[C[C[C[C[C[C[C[C[C[C[C[C[C[C[C[C[C[C[C[C[C[C[C[C[C[C[C[C[C[C[C[C[C[C[C[C[K[K[K[K[K[K[K[K[K[K[K[K[K[K[K[K[K[K[K[K[K[K[K[K[K[K[K[K[K[K[K[K [K[K[K[Kecho "# MGMT2340 B[Kbackup" >> README>[K.m d
]0;~/MGMT2340(managerial_statistics)Kadens-MBP-2:MGMT2340(managerial_statistics)  kaden$ commit -m "first commit"
bash: commit: command not found
]0;~/MGMT2340(managerial_statistics)Kadens-MBP-2:MGMT2340(managerial_statistics)  kaden$ git commit -m "first commit"
[master 4ec84c6] first commit
 179 files changed, 6435 insertions(+)
 create mode 100644 .Rproj.user/3314FC08/console06/F1DA1B9D
 create mode 100644 .Rproj.user/3314FC08/console06/F1DA1B9D.env
 create mode 100644 .Rproj.user/3314FC08/console06/INDEX001
 create mode 100644 .Rproj.user/3314FC08/pcs/debug-breakpoints.pper
 create mode 100644 .Rproj.user/3314FC08/pcs/files-pane.pper
 create mode 100644 .Rproj.user/3314FC08/pcs/packages-pane.pper
 create mode 100644 .Rproj.user/3314FC08/pcs/source-pane.pper
 create mode 100644 .Rproj.user/3314FC08/pcs/windowlayoutstate.pper
 create mode 100644 .Rproj.user/3314FC08/pcs/workbench-pane.pper
 create mode 100644 .Rproj.user/3314FC08/rmd-outputs
 create mode 100644 .Rproj.user/3314FC08/saved_source_markers
 create mode 100644 .Rproj.user/3314FC08/sources/prop/1931FDB8
 create mode 100644 .Rproj.user/3314FC08/sources/prop/217814A7
 create mode 100644 .Rproj.user/3314FC08/sources/prop/23BAB50C
 create mode 100644 .Rproj.user/3314FC08/sources/prop/38FBECC2
 create mode 100644 .Rproj.user/3314FC08/sources/prop/402A6B63
 create mode 100644 .Rproj.user/3314FC08/sources/prop/48387CA0
 create mode 100644 .Rproj.user/3314FC08/sources/prop/4A7734A0
 create mode 100644 .Rproj.user/3314FC08/sources/prop/52CC1006
 create mode 100644 .Rproj.user/3314FC08/sources/prop/6353F458
 create mode 100644 .Rproj.user/3314FC08/sources/prop/748C1C79
 create mode 100644 .Rproj.user/3314FC08/sources/prop/83B4BE34
 create mode 100644 .Rproj.user/3314FC08/sources/prop/87AC1E4
 create mode 100644 .Rproj.user/3314FC08/sources/prop/AA884879
 create mode 100644 .Rproj.user/3314FC08/sources/prop/AE98BBB
 create mode 100644 .Rproj.user/3314FC08/sources/prop/B3894520
 create mode 100644 .Rproj.user/3314FC08/sources/prop/BD6EEC32
 create mode 100644 .Rproj.user/3314FC08/sources/prop/D5C86103
 create mode 100644 .Rproj.user/3314FC08/sources/prop/E0A1CFE3
 create mode 100644 .Rproj.user/3314FC08/sources/prop/F7C50CA5
 create mode 100644 .Rproj.user/3314FC08/sources/prop/INDEX
 create mode 100644 .Rproj.user/3314FC08/sources/s-BFA2856F/16E95AE6
 create mode 100644 .Rproj.user/3314FC08/sources/s-BFA2856F/16E95AE6-contents
 create mode 100644 .Rproj.user/3314FC08/sources/s-BFA2856F/4E258B59-contents
 create mode 100644 .Rproj.user/3314FC08/sources/s-BFA2856F/5541D42C
 create mode 100644 .Rproj.user/3314FC08/sources/s-BFA2856F/5541D42C-contents
 create mode 100644 .Rproj.user/3314FC08/sources/s-BFA2856F/AE50CF1A
 create mode 100644 .Rproj.user/3314FC08/sources/s-BFA2856F/AE50CF1A-contents
 create mode 100644 .Rproj.user/3314FC08/sources/s-BFA2856F/BE3B989A
 create mode 100644 .Rproj.user/3314FC08/sources/s-BFA2856F/BE3B989A-contents
 create mode 100644 .Rproj.user/3314FC08/sources/s-BFA2856F/EE9B3632-contents
 create mode 100644 .Rproj.user/3314FC08/sources/s-BFA2856F/lock_file
 create mode 100644 .Rproj.user/shared/notebooks/64520572-FIVETHIRTYEIGHT/1/s/chunks.json
 create mode 100644 .Rproj.user/shared/notebooks/64520572-FIVETHIRTYEIGHT/1/s/cobe2y1uucaot/000012.csv
 create mode 100644 .Rproj.user/shared/notebooks/64520572-FIVETHIRTYEIGHT/1/s/cobe2y1uucaot/000013.metadata
 create mode 100644 .Rproj.user/shared/notebooks/64520572-FIVETHIRTYEIGHT/1/s/cobe2y1uucaot/000013.png
 create mode 100644 .Rproj.user/shared/notebooks/64520572-FIVETHIRTYEIGHT/1/s/cobe2y1uucaot/000013.snapshot
 create mode 100644 .Rproj.user/shared/notebooks/64520572-FIVETHIRTYEIGHT/1/s/cobe2y1uucaot/temp/000013.png
 create mode 100644 .Rproj.user/shared/notebooks/64520572-FIVETHIRTYEIGHT/1/s/cqyag3aslpjzi/000002.csv
 create mode 100644 .Rproj.user/shared/notebooks/78C9059A-Chapter3/1/3314FC084C86AA23/chunks.json
 create mode 100644 .Rproj.user/shared/notebooks/78C9059A-Chapter3/1/s/c059hkjq03bid/000002.csv
 create mode 100644 .Rproj.user/shared/notebooks/78C9059A-Chapter3/1/s/c2lwn6eu8idgf/000002.csv
 create mode 100644 .Rproj.user/shared/notebooks/78C9059A-Chapter3/1/s/c5fzkoskvmz0n/000002.csv
 create mode 100644 .Rproj.user/shared/notebooks/78C9059A-Chapter3/1/s/c9cvdg1xemt9q/000002.csv
 create mode 100644 .Rproj.user/shared/notebooks/78C9059A-Chapter3/1/s/c9sa9k9izy3w2/000002.csv
 create mode 100644 .Rproj.user/shared/notebooks/78C9059A-Chapter3/1/s/cc00vta1ksuww/000002.csv
 create mode 100644 .Rproj.user/shared/notebooks/78C9059A-Chapter3/1/s/cdu0fal62zzdt/000002.csv
 create mode 100644 .Rproj.user/shared/notebooks/78C9059A-Chapter3/1/s/cf8wt9m6m79kl/000002.csv
 create mode 100644 .Rproj.user/shared/notebooks/78C9059A-Chapter3/1/s/cf8wt9m6m79kl/000003.metadata
 create mode 100644 .Rproj.user/shared/notebooks/78C9059A-Chapter3/1/s/cf8wt9m6m79kl/000003.rdf
 create mode 100644 .Rproj.user/shared/notebooks/78C9059A-Chapter3/1/s/chunks.json
 create mode 100644 .Rproj.user/shared/notebooks/78C9059A-Chapter3/1/s/cjslpczapgddk/000002.csv
 create mode 100644 .Rproj.user/shared/notebooks/78C9059A-Chapter3/1/s/cqzb4tn4n1lqu/000002.csv
 create mode 100644 .Rproj.user/shared/notebooks/78C9059A-Chapter3/1/s/csp1ltszoh8qp/000002.csv
 create mode 100644 .Rproj.user/shared/notebooks/78C9059A-Chapter3/1/s/cubzhhw002n8u/000002.csv
 create mode 100644 .Rproj.user/shared/notebooks/78C9059A-Chapter3/1/s/czngodp0exmq1/000002.csv
 create mode 100644 .Rproj.user/shared/notebooks/78C9059A-Chapter3/1/s/czngodp0exmq1/000003.png
 create mode 100644 .Rproj.user/shared/notebooks/A71F4C77-Red+Sox+Analysis/1/3314FC08A97B5A68/chunks.json
 create mode 100644 .Rproj.user/shared/notebooks/A71F4C77-Red+Sox+Analysis/1/s/c011x8qtxv4hl/000006.csv
 create mode 100644 .Rproj.user/shared/notebooks/A71F4C77-Red+Sox+Analysis/1/s/c40nubnihelhn/000004.csv
 create mode 100644 .Rproj.user/shared/notebooks/A71F4C77-Red+Sox+Analysis/1/s/c40nubnihelhn/000005.metadata
 create mode 100644 .Rproj.user/shared/notebooks/A71F4C77-Red+Sox+Analysis/1/s/c40nubnihelhn/000005.png
 create mode 100644 .Rproj.user/shared/notebooks/A71F4C77-Red+Sox+Analysis/1/s/c40nubnihelhn/000005.snapshot
 create mode 100644 .Rproj.user/shared/notebooks/A71F4C77-Red+Sox+Analysis/1/s/c40nubnihelhn/temp/000005.png
 create mode 100644 .Rproj.user/shared/notebooks/A71F4C77-Red+Sox+Analysis/1/s/c7tgwfrkkdgm7/000041.csv
 create mode 100644 .Rproj.user/shared/notebooks/A71F4C77-Red+Sox+Analysis/1/s/c7tgwfrkkdgm7/000042.metadata
 create mode 100644 .Rproj.user/shared/notebooks/A71F4C77-Red+Sox+Analysis/1/s/c7tgwfrkkdgm7/000042.png
 create mode 100644 .Rproj.user/shared/notebooks/A71F4C77-Red+Sox+Analysis/1/s/c7tgwfrkkdgm7/000042.snapshot
 create mode 100644 .Rproj.user/shared/notebooks/A71F4C77-Red+Sox+Analysis/1/s/c9poe33joskfr/00001e.csv
 create mode 100644 .Rproj.user/shared/notebooks/A71F4C77-Red+Sox+Analysis/1/s/cavpus86ep34y/000040.csv
 create mode 100644 .Rproj.user/shared/notebooks/A71F4C77-Red+Sox+Analysis/1/s/cavpus86ep34y/000041.metadata
 create mode 100644 .Rproj.user/shared/notebooks/A71F4C77-Red+Sox+Analysis/1/s/cavpus86ep34y/000041.png
 create mode 100644 .Rproj.user/shared/notebooks/A71F4C77-Red+Sox+Analysis/1/s/cavpus86ep34y/000041.snapshot
 create mode 100644 .Rproj.user/shared/notebooks/A71F4C77-Red+Sox+Analysis/1/s/cavpus86ep34y/000042.csv
 create mode 100644 .Rproj.user/shared/notebooks/A71F4C77-Red+Sox+Analysis/1/s/cavpus86ep34y/000043.metadata
 create mode 100644 .Rproj.user/shared/notebooks/A71F4C77-Red+Sox+Analysis/1/s/cavpus86ep34y/000043.png
 create mode 100644 .Rproj.user/shared/notebooks/A71F4C77-Red+Sox+Analysis/1/s/cavpus86ep34y/000043.snapshot
 create mode 100644 .Rproj.user/shared/notebooks/A71F4C77-Red+Sox+Analysis/1/s/cavpus86ep34y/temp/000041.png
 create mode 100644 .Rproj.user/shared/notebooks/A71F4C77-Red+Sox+Analysis/1/s/cavpus86ep34y/temp/000043.png
 create mode 100644 .Rproj.user/shared/notebooks/A71F4C77-Red+Sox+Analysis/1/s/chunks.json
 create mode 100644 .Rproj.user/shared/notebooks/A71F4C77-Red+Sox+Analysis/1/s/ci0arm2pvcjzm/000004.csv
 create mode 100644 .Rproj.user/shared/notebooks/A71F4C77-Red+Sox+Analysis/1/s/cipm1yng4pgwh/000002.csv
 create mode 100644 .Rproj.user/shared/notebooks/A71F4C77-Red+Sox+Analysis/1/s/cl2ifu6q4l9xz/000002.csv
 create mode 100644 .Rproj.user/shared/notebooks/A71F4C77-Red+Sox+Analysis/1/s/cm36bayxq1d75/000002.csv
 create mode 100644 .Rproj.user/shared/notebooks/A71F4C77-Red+Sox+Analysis/1/s/cm36bayxq1d75/000003.metadata
 create mode 100644 .Rproj.user/shared/notebooks/A71F4C77-Red+Sox+Analysis/1/s/cm36bayxq1d75/000003.png
 create mode 100644 .Rproj.user/shared/notebooks/A71F4C77-Red+Sox+Analysis/1/s/cm36bayxq1d75/000003.snapshot
 create mode 100644 .Rproj.user/shared/notebooks/A71F4C77-Red+Sox+Analysis/1/s/cmoonsovj9uqi/00002a.csv
 create mode 100644 .Rproj.user/shared/notebooks/A71F4C77-Red+Sox+Analysis/1/s/cmoonsovj9uqi/00002b.metadata
 create mode 100644 .Rproj.user/shared/notebooks/A71F4C77-Red+Sox+Analysis/1/s/cmoonsovj9uqi/00002b.png
 create mode 100644 .Rproj.user/shared/notebooks/A71F4C77-Red+Sox+Analysis/1/s/cmoonsovj9uqi/00002b.snapshot
 create mode 100644 .Rproj.user/shared/notebooks/A71F4C77-Red+Sox+Analysis/1/s/cmoonsovj9uqi/00002c.csv
 create mode 100644 .Rproj.user/shared/notebooks/A71F4C77-Red+Sox+Analysis/1/s/cmoonsovj9uqi/temp/00002b.png
 create mode 100644 .Rproj.user/shared/notebooks/A71F4C77-Red+Sox+Analysis/1/s/cqb8xjq3lkndc/000018.csv
 create mode 100644 .Rproj.user/shared/notebooks/A71F4C77-Red+Sox+Analysis/1/s/cqb8xjq3lkndc/000019.metadata
 create mode 100644 .Rproj.user/shared/notebooks/A71F4C77-Red+Sox+Analysis/1/s/cqb8xjq3lkndc/000019.png
 create mode 100644 .Rproj.user/shared/notebooks/A71F4C77-Red+Sox+Analysis/1/s/cqb8xjq3lkndc/000019.snapshot
 create mode 100644 .Rproj.user/shared/notebooks/A71F4C77-Red+Sox+Analysis/1/s/cqb8xjq3lkndc/00001a.csv
 create mode 100644 .Rproj.user/shared/notebooks/A71F4C77-Red+Sox+Analysis/1/s/cqb8xjq3lkndc/00001b.metadata
 create mode 100644 .Rproj.user/shared/notebooks/A71F4C77-Red+Sox+Analysis/1/s/cqb8xjq3lkndc/00001b.png
 create mode 100644 .Rproj.user/shared/notebooks/A71F4C77-Red+Sox+Analysis/1/s/cqb8xjq3lkndc/00001b.snapshot
 create mode 100644 .Rproj.user/shared/notebooks/A71F4C77-Red+Sox+Analysis/1/s/cqb8xjq3lkndc/temp/000019.png
 create mode 100644 .Rproj.user/shared/notebooks/A71F4C77-Red+Sox+Analysis/1/s/cqb8xjq3lkndc/temp/00001b.png
 create mode 100644 .Rproj.user/shared/notebooks/A71F4C77-Red+Sox+Analysis/1/s/cydpbk80stknx/00001a.metadata
 create mode 100644 .Rproj.user/shared/notebooks/A71F4C77-Red+Sox+Analysis/1/s/cydpbk80stknx/00001a.png
 create mode 100644 .Rproj.user/shared/notebooks/A71F4C77-Red+Sox+Analysis/1/s/cydpbk80stknx/00001a.snapshot
 create mode 100644 .Rproj.user/shared/notebooks/A71F4C77-Red+Sox+Analysis/1/s/cydpbk80stknx/temp/00001a.png
 create mode 100644 .Rproj.user/shared/notebooks/A71F4C77-Red+Sox+Analysis/1/s/cyozqhwemgrzv/000037.metadata
 create mode 100644 .Rproj.user/shared/notebooks/A71F4C77-Red+Sox+Analysis/1/s/cyozqhwemgrzv/000037.png
 create mode 100644 .Rproj.user/shared/notebooks/A71F4C77-Red+Sox+Analysis/1/s/cyozqhwemgrzv/000037.snapshot
 create mode 100644 .Rproj.user/shared/notebooks/C49CA3D5-Quiz2/1/s/c5djwc5hhu581/000002.csv
 create mode 100644 .Rproj.user/shared/notebooks/C49CA3D5-Quiz2/1/s/c5djwc5hhu581/000003.error
 create mode 100644 .Rproj.user/shared/notebooks/C49CA3D5-Quiz2/1/s/chunks.json
 create mode 100644 .Rproj.user/shared/notebooks/C49CA3D5-Quiz2/1/s/csetup_chunk/000002.csv
 create mode 100644 .Rproj.user/shared/notebooks/C690D0E-fivethirtyeight/1/s/c6rluhlqcyvha/000006.csv
 create mode 100644 .Rproj.user/shared/notebooks/C690D0E-fivethirtyeight/1/s/c6rluhlqcyvha/000007.html
 create mode 100644 .Rproj.user/shared/notebooks/C690D0E-fivethirtyeight/1/s/c6rluhlqcyvha/000007.metadata
 create mode 100644 .Rproj.user/shared/notebooks/C690D0E-fivethirtyeight/1/s/c7oyveavisp1h/000004.csv
 create mode 100644 .Rproj.user/shared/notebooks/C690D0E-fivethirtyeight/1/s/chunks.json
 create mode 100644 .Rproj.user/shared/notebooks/DACAC499-Chp4/1/3314FC0837CD6219/chunks.json
 create mode 100644 .Rproj.user/shared/notebooks/DACAC499-Chp4/1/s/c3musi3ouvi92/000002.csv
 create mode 100644 .Rproj.user/shared/notebooks/DACAC499-Chp4/1/s/c8859dvu7ny5t/000002.csv
 create mode 100644 .Rproj.user/shared/notebooks/DACAC499-Chp4/1/s/cf955j6adqq1q/000002.csv
 create mode 100644 .Rproj.user/shared/notebooks/DACAC499-Chp4/1/s/chunks.json
 create mode 100644 .Rproj.user/shared/notebooks/DACAC499-Chp4/1/s/cpva1m3q8q2ug/000002.csv
 create mode 100644 .Rproj.user/shared/notebooks/EAA76E4A-Exam3/1/3314FC084C86AA23/chunks.json
 create mode 100644 .Rproj.user/shared/notebooks/EAA76E4A-Exam3/1/s/c0m789ttn2u1t/000002.csv
 create mode 100644 .Rproj.user/shared/notebooks/EAA76E4A-Exam3/1/s/c1ebyio08keef/000002.csv
 create mode 100644 .Rproj.user/shared/notebooks/EAA76E4A-Exam3/1/s/c1ebyio08keef/000003.png
 create mode 100644 .Rproj.user/shared/notebooks/EAA76E4A-Exam3/1/s/c1qh93by3caqc/000004.csv
 create mode 100644 .Rproj.user/shared/notebooks/EAA76E4A-Exam3/1/s/c3uzvjjzv2wu2/000004.csv
 create mode 100644 .Rproj.user/shared/notebooks/EAA76E4A-Exam3/1/s/c79jwih0hpxlu/000002.csv
 create mode 100644 .Rproj.user/shared/notebooks/EAA76E4A-Exam3/1/s/c7b0ugzc5ynqc/000012.csv
 create mode 100644 .Rproj.user/shared/notebooks/EAA76E4A-Exam3/1/s/c98k5vks39kr2/000002.csv
 create mode 100644 .Rproj.user/shared/notebooks/EAA76E4A-Exam3/1/s/c9jw0mo0cintq/000002.csv
 create mode 100644 .Rproj.user/shared/notebooks/EAA76E4A-Exam3/1/s/ccalg76c1xzvn/000002.csv
 create mode 100644 .Rproj.user/shared/notebooks/EAA76E4A-Exam3/1/s/cg8u2br5wcqui/000006.csv
 create mode 100644 .Rproj.user/shared/notebooks/EAA76E4A-Exam3/1/s/cgp8oww1aqlt8/000002.csv
 create mode 100644 .Rproj.user/shared/notebooks/EAA76E4A-Exam3/1/s/chg1pyfdp5hxq/000014.csv
 create mode 100644 .Rproj.user/shared/notebooks/EAA76E4A-Exam3/1/s/chg1pyfdp5hxq/000016.csv
 create mode 100644 .Rproj.user/shared/notebooks/EAA76E4A-Exam3/1/s/chg1pyfdp5hxq/000017.metadata
 create mode 100644 .Rproj.user/shared/notebooks/EAA76E4A-Exam3/1/s/chg1pyfdp5hxq/000017.png
 create mode 100644 .Rproj.user/shared/notebooks/EAA76E4A-Exam3/1/s/chg1pyfdp5hxq/000017.snapshot
 create mode 100644 .Rproj.user/shared/notebooks/EAA76E4A-Exam3/1/s/chg1pyfdp5hxq/000018.csv
 create mode 100644 .Rproj.user/shared/notebooks/EAA76E4A-Exam3/1/s/chg1pyfdp5hxq/000019.metadata
 create mode 100644 .Rproj.user/shared/notebooks/EAA76E4A-Exam3/1/s/chg1pyfdp5hxq/000019.png
 create mode 100644 .Rproj.user/shared/notebooks/EAA76E4A-Exam3/1/s/chg1pyfdp5hxq/000019.snapshot
 create mode 100644 .Rproj.user/shared/notebooks/EAA76E4A-Exam3/1/s/chunks.json
 create mode 100644 .Rproj.user/shared/notebooks/EAA76E4A-Exam3/1/s/ci66ttg16swc0/000008.csv
 create mode 100644 .Rproj.user/shared/notebooks/EAA76E4A-Exam3/1/s/cllmo6jotxk47/000002.csv
 create mode 100644 .Rproj.user/shared/notebooks/EAA76E4A-Exam3/1/s/cn548sqr4ypjz/000008.csv
 create mode 100644 .Rproj.user/shared/notebooks/EAA76E4A-Exam3/1/s/cn548sqr4ypjz/000009.metadata
 create mode 100644 .Rproj.user/shared/notebooks/EAA76E4A-Exam3/1/s/cn548sqr4ypjz/000009.png
 create mode 100644 .Rproj.user/shared/notebooks/EAA76E4A-Exam3/1/s/cn548sqr4ypjz/000009.snapshot
 create mode 100644 .Rproj.user/shared/notebooks/EAA76E4A-Exam3/1/s/cn548sqr4ypjz/00000a.csv
 create mode 100644 .Rproj.user/shared/notebooks/EAA76E4A-Exam3/1/s/co6zl27k80sx7/000002.csv
 create mode 100644 .Rproj.user/shared/notebooks/EAA76E4A-Exam3/1/s/couke6v164exr/000012.csv
 create mode 100644 .Rproj.user/shared/notebooks/EAA76E4A-Exam3/1/s/cpjzzpcngnhkd/000006.csv
 create mode 100644 .Rproj.user/shared/notebooks/EAA76E4A-Exam3/1/s/cr2rnwpy58ulc/000008.csv
 create mode 100644 .Rproj.user/shared/notebooks/EAA76E4A-Exam3/1/s/crl980i16fevq/000002.csv
 create mode 100644 .Rproj.user/shared/notebooks/EAA76E4A-Exam3/1/s/cs4q22k9dc1r6/000002.csv
 create mode 100644 .Rproj.user/shared/notebooks/EAA76E4A-Exam3/1/s/czdp9nbebvebl/000004.csv
 create mode 100644 .Rproj.user/shared/notebooks/ECF3A439-Untitled/1/s/c2i0ywcgarlvu/000002.csv
 create mode 100644 .Rproj.user/shared/notebooks/ECF3A439-Untitled/1/s/ccd1jq7i8fpih/000004.csv
 create mode 100644 .Rproj.user/shared/notebooks/ECF3A439-Untitled/1/s/ccd1jq7i8fpih/000005.error
 create mode 100644 .Rproj.user/shared/notebooks/ECF3A439-Untitled/1/s/chunks.json
 create mode 100644 .Rproj.user/shared/notebooks/ECF3A439-Untitled/1/s/cse197njpzn3z/000002.csv
 create mode 100644 .Rproj.user/shared/notebooks/patch-chunk-names
 create mode 100644 .Rproj.user/shared/notebooks/paths
]0;~/MGMT2340(managerial_statistics)Kadens-MBP-2:MGMT2340(managerial_statistics)  kaden$ git remote add org[Kigin https://github .com/KJKILLPACK/MGMT2340backup.git
fatal: remote origin already exists.
]0;~/MGMT2340(managerial_statistics)Kadens-MBP-2:MGMT2340(managerial_statistics)  kaden$ git push -u origing[K master
Enumerating objects: 274, done.
Counting objects:   0% (1/274)   Counting objects:   1% (3/274)   Counting objects:   2% (6/274)   Counting objects:   3% (9/274)   Counting objects:   4% (11/274)   Counting objects:   5% (14/274)   Counting objects:   6% (17/274)   Counting objects:   7% (20/274)   Counting objects:   8% (22/274)   Counting objects:   9% (25/274)   Counting objects:  10% (28/274)   Counting objects:  11% (31/274)   Counting objects:  12% (33/274)   Counting objects:  13% (36/274)   Counting objects:  14% (39/274)   Counting objects:  15% (42/274)   Counting objects:  16% (44/274)   Counting objects:  17% (47/274)   Counting objects:  18% (50/274)   Counting objects:  19% (53/274)   Counting objects:  20% (55/274)   Counting objects:  21% (58/274)   Counting objects:  22% (61/274)   Counting objects:  23% (64/274)   Counting objects:  24% (66/274)   Counting objects:  25% (69/274)   Counting objects:  26% (72/274)   Counting objects:  27% (74/274)   Counting objects:  28% (77/274)   Counting objects:  29% (80/274)   Counting objects:  30% (83/274)   Counting objects:  31% (85/274)   Counting objects:  32% (88/274)   Counting objects:  33% (91/274)   Counting objects:  34% (94/274)   Counting objects:  35% (96/274)   Counting objects:  36% (99/274)   Counting objects:  37% (102/274)   Counting objects:  38% (105/274)   Counting objects:  39% (107/274)   Counting objects:  40% (110/274)   Counting objects:  41% (113/274)   Counting objects:  42% (116/274)   Counting objects:  43% (118/274)   Counting objects:  44% (121/274)   Counting objects:  45% (124/274)   Counting objects:  46% (127/274)   Counting objects:  47% (129/274)   Counting objects:  48% (132/274)   Counting objects:  49% (135/274)   Counting objects:  50% (137/274)   Counting objects:  51% (140/274)   Counting objects:  52% (143/274)   Counting objects:  53% (146/274)   Counting objects:  54% (148/274)   Counting objects:  55% (151/274)   Counting objects:  56% (154/274)   Counting objects:  57% (157/274)   Counting objects:  58% (159/274)   Counting objects:  59% (162/274)   Counting objects:  60% (165/274)   Counting objects:  61% (168/274)   Counting objects:  62% (170/274)   Counting objects:  63% (173/274)   Counting objects:  64% (176/274)   Counting objects:  65% (179/274)   Counting objects:  66% (181/274)   Counting objects:  67% (184/274)   Counting objects:  68% (187/274)   Counting objects:  69% (190/274)   Counting objects:  70% (192/274)   Counting objects:  71% (195/274)   Counting objects:  72% (198/274)   Counting objects:  73% (201/274)   Counting objects:  74% (203/274)   Counting objects:  75% (206/274)   Counting objects:  76% (209/274)   Counting objects:  77% (211/274)   Counting objects:  78% (214/274)   Counting objects:  79% (217/274)   Counting objects:  80% (220/274)   Counting objects:  81% (222/274)   Counting objects:  82% (225/274)   Counting objects:  83% (228/274)   Counting objects:  84% (231/274)   Counting objects:  85% (233/274)   Counting objects:  86% (236/274)   Counting objects:  87% (239/274)   Counting objects:  88% (242/274)   Counting objects:  89% (244/274)   Counting objects:  90% (247/274)   Counting objects:  91% (250/274)   Counting objects:  92% (253/274)   Counting objects:  93% (255/274)   Counting objects:  94% (258/274)   Counting objects:  95% (261/274)   Counting objects:  96% (264/274)   Counting objects:  97% (266/274)   Counting objects:  98% (269/274)   Counting objects:  99% (272/274)   Counting objects: 100% (274/274)   Counting objects: 100% (274/274), done.
Delta compression using up to 4 threads.
Compressing objects:   0% (1/198)   Compressing objects:   1% (2/198)   Compressing objects:   2% (4/198)   Compressing objects:   3% (6/198)   Compressing objects:   4% (8/198)   Compressing objects:   5% (10/198)   Compressing objects:   6% (12/198)   Compressing objects:   7% (14/198)   Compressing objects:   8% (16/198)   Compressing objects:   9% (18/198)   Compressing objects:  10% (20/198)   Compressing objects:  11% (22/198)   Compressing objects:  12% (24/198)   Compressing objects:  13% (26/198)   Compressing objects:  14% (28/198)   Compressing objects:  15% (30/198)   Compressing objects:  16% (32/198)   Compressing objects:  17% (34/198)   Compressing objects:  18% (36/198)   Compressing objects:  19% (38/198)   Compressing objects:  20% (40/198)   Compressing objects:  21% (42/198)   Compressing objects:  22% (44/198)   Compressing objects:  23% (46/198)   Compressing objects:  24% (48/198)   Compressing objects:  25% (50/198)   Compressing objects:  26% (52/198)   Compressing objects:  27% (54/198)   Compressing objects:  28% (56/198)   Compressing objects:  29% (58/198)   Compressing objects:  30% (60/198)   Compressing objects:  31% (62/198)   Compressing objects:  32% (64/198)   Compressing objects:  33% (66/198)   Compressing objects:  34% (68/198)   Compressing objects:  35% (70/198)   Compressing objects:  36% (72/198)   Compressing objects:  37% (74/198)   Compressing objects:  38% (76/198)   Compressing objects:  39% (78/198)   Compressing objects:  40% (80/198)   Compressing objects:  41% (82/198)   Compressing objects:  42% (84/198)   Compressing objects:  43% (86/198)   Compressing objects:  44% (88/198)   Compressing objects:  45% (90/198)   Compressing objects:  46% (92/198)   Compressing objects:  47% (94/198)   Compressing objects:  48% (96/198)   Compressing objects:  49% (98/198)   Compressing objects:  50% (99/198)   Compressing objects:  51% (101/198)   Compressing objects:  52% (103/198)   Compressing objects:  53% (105/198)   Compressing objects:  54% (107/198)   Compressing objects:  55% (109/198)   Compressing objects:  56% (111/198)   Compressing objects:  57% (113/198)   Compressing objects:  58% (115/198)   Compressing objects:  59% (117/198)   Compressing objects:  60% (119/198)   Compressing objects:  61% (121/198)   Compressing objects:  62% (123/198)   Compressing objects:  63% (125/198)   Compressing objects:  64% (127/198)   Compressing objects:  65% (129/198)   Compressing objects:  66% (131/198)   Compressing objects:  67% (133/198)   Compressing objects:  68% (135/198)   Compressing objects:  69% (137/198)   Compressing objects:  70% (139/198)   Compressing objects:  71% (141/198)   Compressing objects:  72% (143/198)   Compressing objects:  73% (145/198)   Compressing objects:  74% (147/198)   Compressing objects:  75% (149/198)   Compressing objects:  76% (151/198)   Compressing objects:  77% (153/198)   Compressing objects:  78% (155/198)   Compressing objects:  79% (157/198)   Compressing objects:  80% (159/198)   Compressing objects:  81% (161/198)   Compressing objects:  82% (163/198)   Compressing objects:  83% (165/198)   Compressing objects:  84% (167/198)   Compressing objects:  85% (169/198)   Compressing objects:  86% (171/198)   Compressing objects:  87% (173/198)   Compressing objects:  88% (175/198)   Compressing objects:  89% (177/198)   Compressing objects:  90% (179/198)   Compressing objects:  91% (181/198)   Compressing objects:  92% (183/198)   Compressing objects:  93% (185/198)   Compressing objects:  94% (187/198)   Compressing objects:  95% (189/198)   Compressing objects:  96% (191/198)   Compressing objects:  97% (193/198)   Compressing objects:  98% (195/198)   Compressing objects:  99% (197/198)   Compressing objects: 100% (198/198)   Compressing objects: 100% (198/198), done.
Writing objects:   0% (1/274)   Writing objects:   1% (3/274)   Writing objects:   1% (3/274), 1.07 MiB | 1.30 MiB/s   Writing objects:   1% (3/274), 7.06 MiB | 3.75 MiB/s   Writing objects:   1% (3/274), 12.88 MiB | 4.39 MiB/s   Writing objects:   1% (3/274), 13.81 MiB | 3.97 MiB/s   Writing objects:   1% (3/274), 14.31 MiB | 2.98 MiB/s   Writing objects:   1% (4/274), 14.94 MiB | 2.80 MiB/s   Writing objects:   2% (6/274), 14.94 MiB | 2.80 MiB/s   Writing objects:   3% (9/274), 14.94 MiB | 2.80 MiB/s   Writing objects:   4% (11/274), 14.94 MiB | 2.80 MiB/s   Writing objects:   5% (14/274), 14.94 MiB | 2.80 MiB/s   Writing objects:   6% (17/274), 14.94 MiB | 2.80 MiB/s   Writing objects:   7% (20/274), 14.94 MiB | 2.80 MiB/s   Writing objects:   8% (22/274), 14.94 MiB | 2.80 MiB/s   Writing objects:   9% (25/274), 14.94 MiB | 2.80 MiB/s   Writing objects:  10% (28/274), 14.94 MiB | 2.80 MiB/s   Writing objects:  11% (31/274), 14.94 MiB | 2.80 MiB/s   Writing objects:  12% (33/274), 14.94 MiB | 2.80 MiB/s   Writing objects:  13% (36/274), 14.94 MiB | 2.80 MiB/s   Writing objects:  14% (39/274), 14.94 MiB | 2.80 MiB/s   Writing objects:  15% (43/274), 14.94 MiB | 2.80 MiB/s   Writing objects:  16% (44/274), 14.94 MiB | 2.80 MiB/s   Writing objects:  17% (47/274), 14.94 MiB | 2.80 MiB/s   Writing objects:  18% (50/274), 14.94 MiB | 2.80 MiB/s   Writing objects:  19% (53/274), 14.94 MiB | 2.80 MiB/s   Writing objects:  20% (55/274), 14.94 MiB | 2.80 MiB/s   Writing objects:  21% (58/274), 14.94 MiB | 2.80 MiB/s   Writing objects:  22% (61/274), 14.94 MiB | 2.80 MiB/s   Writing objects:  23% (64/274), 14.94 MiB | 2.80 MiB/s   Writing objects:  24% (66/274), 14.94 MiB | 2.80 MiB/s   Writing objects:  25% (69/274), 14.94 MiB | 2.80 MiB/s   Writing objects:  26% (72/274), 14.94 MiB | 2.80 MiB/s   Writing objects:  27% (74/274), 14.94 MiB | 2.80 MiB/s   Writing objects:  28% (77/274), 14.94 MiB | 2.80 MiB/s   Writing objects:  29% (80/274), 14.94 MiB | 2.80 MiB/s   Writing objects:  30% (83/274), 14.94 MiB | 2.80 MiB/s   Writing objects:  31% (85/274), 14.94 MiB | 2.80 MiB/s   Writing objects:  32% (88/274), 14.94 MiB | 2.80 MiB/s   Writing objects:  33% (91/274), 14.94 MiB | 2.80 MiB/s   Writing objects:  34% (94/274), 14.94 MiB | 2.80 MiB/s   Writing objects:  35% (96/274), 14.94 MiB | 2.80 MiB/s   Writing objects:  36% (99/274), 14.94 MiB | 2.80 MiB/s   Writing objects:  37% (102/274), 14.94 MiB | 2.80 MiB/s   Writing objects:  38% (105/274), 14.94 MiB | 2.80 MiB/s   Writing objects:  39% (107/274), 14.94 MiB | 2.80 MiB/s   Writing objects:  40% (110/274), 14.94 MiB | 2.80 MiB/s   Writing objects:  41% (113/274), 15.31 MiB | 2.81 MiB/s   Writing objects:  42% (116/274), 15.31 MiB | 2.81 MiB/s   Writing objects:  43% (118/274), 15.31 MiB | 2.81 MiB/s   Writing objects:  44% (121/274), 15.31 MiB | 2.81 MiB/s   Writing objects:  45% (124/274), 15.31 MiB | 2.81 MiB/s   Writing objects:  46% (127/274), 15.31 MiB | 2.81 MiB/s   Writing objects:  47% (129/274), 15.31 MiB | 2.81 MiB/s   Writing objects:  48% (132/274), 15.31 MiB | 2.81 MiB/s   Writing objects:  49% (135/274), 15.31 MiB | 2.81 MiB/s   Writing objects:  50% (137/274), 15.31 MiB | 2.81 MiB/s   Writing objects:  51% (140/274), 15.31 MiB | 2.81 MiB/s   Writing objects:  52% (143/274), 15.31 MiB | 2.81 MiB/s   Writing objects:  53% (146/274), 15.31 MiB | 2.81 MiB/s   Writing objects:  54% (148/274), 15.31 MiB | 2.81 MiB/s   Writing objects:  55% (151/274), 15.31 MiB | 2.81 MiB/s   Writing objects:  56% (154/274), 15.31 MiB | 2.81 MiB/s   Writing objects:  57% (157/274), 15.31 MiB | 2.81 MiB/s   Writing objects:  58% (159/274), 15.31 MiB | 2.81 MiB/s   Writing objects:  59% (162/274), 15.31 MiB | 2.81 MiB/s   Writing objects:  60% (165/274), 15.31 MiB | 2.81 MiB/s   Writing objects:  61% (168/274), 15.31 MiB | 2.81 MiB/s   Writing objects:  62% (170/274), 15.31 MiB | 2.81 MiB/s   Writing objects:  63% (173/274), 15.31 MiB | 2.81 MiB/s   Writing objects:  64% (176/274), 15.31 MiB | 2.81 MiB/s   Writing objects:  65% (179/274), 15.31 MiB | 2.81 MiB/s   Writing objects:  66% (181/274), 15.31 MiB | 2.81 MiB/s   Writing objects:  67% (184/274), 15.31 MiB | 2.81 MiB/s   Writing objects:  68% (187/274), 15.31 MiB | 2.81 MiB/s   Writing objects:  69% (190/274), 15.31 MiB | 2.81 MiB/s   Writing objects:  70% (192/274), 15.31 MiB | 2.81 MiB/s   Writing objects:  71% (195/274), 15.31 MiB | 2.81 MiB/s   Writing objects:  72% (198/274), 15.31 MiB | 2.81 MiB/s   Writing objects:  73% (201/274), 15.31 MiB | 2.81 MiB/s   Writing objects:  74% (203/274), 15.31 MiB | 2.81 MiB/s   Writing objects:  75% (206/274), 15.31 MiB | 2.81 MiB/s   Writing objects:  76% (209/274), 15.31 MiB | 2.81 MiB/s   Writing objects:  77% (211/274), 15.31 MiB | 2.81 MiB/s   Writing objects:  78% (214/274), 15.31 MiB | 2.81 MiB/s   Writing objects:  79% (217/274), 15.31 MiB | 2.81 MiB/s   Writing objects:  80% (220/274), 15.31 MiB | 2.81 MiB/s   Writing objects:  81% (222/274), 15.31 MiB | 2.81 MiB/s   Writing objects:  82% (225/274), 15.31 MiB | 2.81 MiB/s   Writing objects:  83% (228/274), 15.31 MiB | 2.81 MiB/s   Writing objects:  84% (231/274), 15.31 MiB | 2.81 MiB/s   Writing objects:  85% (233/274), 15.31 MiB | 2.81 MiB/s   Writing objects:  86% (236/274), 15.31 MiB | 2.81 MiB/s   Writing objects:  87% (239/274), 15.31 MiB | 2.81 MiB/s   Writing objects:  88% (242/274), 15.31 MiB | 2.81 MiB/s   Writing objects:  89% (244/274), 15.31 MiB | 2.81 MiB/s   Writing objects:  90% (247/274), 15.31 MiB | 2.81 MiB/s   Writing objects:  91% (250/274), 15.31 MiB | 2.81 MiB/s   Writing objects:  92% (253/274), 15.31 MiB | 2.81 MiB/s   Writing objects:  93% (255/274), 15.31 MiB | 2.81 MiB/s   Writing objects:  94% (258/274), 15.31 MiB | 2.81 MiB/s   Writing objects:  95% (261/274), 15.31 MiB | 2.81 MiB/s   Writing objects:  96% (264/274), 15.31 MiB | 2.81 MiB/s   Writing objects:  97% (266/274), 15.31 MiB | 2.81 MiB/s   Writing objects:  98% (270/274), 15.98 MiB | 2.36 MiB/s   Writing objects:  99% (272/274), 15.98 MiB | 2.36 MiB/s   Writing objects: 100% (274/274), 15.98 MiB | 2.36 MiB/s   Writing objects: 100% (274/274), 16.50 MiB | 2.26 MiB/s, done.
Total 274 (delta 15), reused 0 (delta 0)
remote: Resolving deltas:   6% (1/15)   [Kremote: Resolving deltas:  13% (2/15)   [Kremote: Resolving deltas:  20% (3/15)   [Kremote: Resolving deltas:  40% (6/15)   [Kremote: Resolving deltas:  53% (8/15)   [Kremote: Resolving deltas:  66% (10/15)   [Kremote: Resolving deltas:  73% (11/15)   [Kremote: Resolving deltas:  80% (12/15)   [Kremote: Resolving deltas:  86% (13/15)   [Kremote: Resolving deltas: 100% (15/15)   [Kremote: Resolving deltas: 100% (15/15), done.[K
remote: 
remote: Create a pull request for 'master' on GitHub by visiting:[K
remote:      https://github.com/KJKILLPACK/MGMT2340backup/pull/new/master[K
remote: 
To https://github.com/KJKILLPACK/MGMT2340backup.git
 * [new branch]      master -> master
Branch 'master' set up to track remote branch 'master' from 'origin'.
]0;~/MGMT2340(managerial_statistics)Kadens-MBP-2:MGMT2340(managerial_statistics)  kaden$ gti [K[K[K[Kgit status
On branch master
Your branch is up to date with 'origin/master'.

Changes not staged for commit:
  (use "git add <file>..." to update what will be committed)
  (use "git checkout -- <file>..." to discard changes in working directory)

	[31mmodified:   .Rproj.user/3314FC08/console06/F1DA1B9D[m
	[31mmodified:   .Rproj.user/3314FC08/sources/prop/INDEX[m
	[31mmodified:   .Rproj.user/3314FC08/sources/s-BFA2856F/5541D42C[m
	[31mmodified:   .Rproj.user/3314FC08/sources/s-BFA2856F/5541D42C-contents[m
	[31mmodified:   .Rproj.user/shared/notebooks/paths[m
	[31mmodified:   README.md[m

Untracked files:
  (use "git add <file>..." to include in what will be committed)

	[31m.Rproj.user/3314FC08/sources/prop/D2CE2120[m
	[31m.Rproj.user/3314FC08/sources/s-BFA2856F/5921176A-contents[m
	[31mChapter RMD's/[m
	[31mMGMT2340(managerial_statistics).Rproj[m
	[31mQuiz'z/[m

no changes added to commit (use "git add" and/or "git commit -a")
]0;~/MGMT2340(managerial_statistics)Kadens-MBP-2:MGMT2340(managerial_statistics)  kaden$ git add all
fatal: pathspec 'all' did not match any files
]0;~/MGMT2340(managerial_statistics)Kadens-MBP-2:MGMT2340(managerial_statistics)  kaden$ git add README>[K.md
]0;~/MGMT2340(managerial_statistics)Kadens-MBP-2:MGMT2340(managerial_statistics)  kaden$ git add Quiz'z/
> 
]0;~/MGMT2340(managerial_statistics)Kadens-MBP-2:MGMT2340(managerial_statistics)  kaden$ git add Chapter RMD's/
> 
]0;~/MGMT2340(managerial_statistics)Kadens-MBP-2:MGMT2340(managerial_statistics)  kaden$ git commit - [Km "RMS[KD's for chapters ad n quizes uploaded"
[master b832069] RMD's for chapters adn quizes uploaded
 1 file changed, 3 insertions(+), 1 deletion(-)
]0;~/MGMT2340(managerial_statistics)Kadens-MBP-2:MGMT2340(managerial_statistics)  kaden$ git push u[K-u org[Kigin master
Enumerating objects: 5, done.
Counting objects:  20% (1/5)   Counting objects:  40% (2/5)   Counting objects:  60% (3/5)   Counting objects:  80% (4/5)   Counting objects: 100% (5/5)   Counting objects: 100% (5/5), done.
Delta compression using up to 4 threads.
Compressing objects:  33% (1/3)   Compressing objects:  66% (2/3)   Compressing objects: 100% (3/3)   Compressing objects: 100% (3/3), done.
Writing objects:  33% (1/3)   Writing objects:  66% (2/3)   Writing objects: 100% (3/3)   Writing objects: 100% (3/3), 358 bytes | 358.00 KiB/s, done.
Total 3 (delta 2), reused 0 (delta 0)
remote: Resolving deltas:   0% (0/2)   [Kremote: Resolving deltas:  50% (1/2)   [Kremote: Resolving deltas: 100% (2/2)   [Kremote: Resolving deltas: 100% (2/2), completed with 2 local objects.[K
To https://github.com/KJKILLPACK/MGMT2340backup.git
   4ec84c6..b832069  master -> master
Branch 'master' set up to track remote branch 'master' from 'origin'.
]0;~/MGMT2340(managerial_statistics)Kadens-MBP-2:MGMT2340(managerial_statistics)  kaden$ git add Chpate[K[K[K[Kao[KpterRMS[KDs
]0;~/MGMT2340(managerial_statistics)Kadens-MBP-2:MGMT2340(managerial_statistics)  kaden$ git status
On branch master
Your branch is up to date with 'origin/master'.

Changes to be committed:
  (use "git reset HEAD <file>..." to unstage)

	[32mnew file:   ChapterRMDs/Chapter3.Rmd[m
	[32mnew file:   ChapterRMDs/Chapter3.nb.html[m
	[32mnew file:   ChapterRMDs/Chapter3d.Rmd[m
	[32mnew file:   ChapterRMDs/Chp2a.Rmd[m
	[32mnew file:   ChapterRMDs/Chp2a.nb.html[m
	[32mnew file:   ChapterRMDs/Chp4.rmd[m
	[32mnew file:   ChapterRMDs/Chp5.rmd[m

Changes not staged for commit:
  (use "git add <file>..." to update what will be committed)
  (use "git checkout -- <file>..." to discard changes in working directory)

	[31mmodified:   .Rproj.user/3314FC08/console06/F1DA1B9D[m
	[31mmodified:   .Rproj.user/3314FC08/sources/prop/38FBECC2[m
	[31mmodified:   .Rproj.user/3314FC08/sources/prop/INDEX[m
	[31mmodified:   .Rproj.user/3314FC08/sources/s-BFA2856F/5541D42C[m
	[31mmodified:   .Rproj.user/3314FC08/sources/s-BFA2856F/5541D42C-contents[m
	[31mmodified:   .Rproj.user/shared/notebooks/paths[m

Untracked files:
  (use "git add <file>..." to include in what will be committed)

	[31m.Rproj.user/3314FC08/sources/prop/69AAE074[m
	[31m.Rproj.user/3314FC08/sources/prop/D2CE2120[m
	[31m.Rproj.user/3314FC08/sources/s-BFA2856F/1FCBA1FB-contents[m
	[31m.Rproj.user/3314FC08/sources/s-BFA2856F/5921176A-contents[m
	[31mMGMT2340(managerial_statistics).Rproj[m
	[31mQuiz'z/[m

]0;~/MGMT2340(managerial_statistics)Kadens-MBP-2:MGMT2340(managerial_statistics)  kaden$ G[Kgit add Quizes
]0;~/MGMT2340(managerial_statistics)Kadens-MBP-2:MGMT2340(managerial_statistics)  kaden$ git status
On branch master
Your branch is up to date with 'origin/master'.

Changes to be committed:
  (use "git reset HEAD <file>..." to unstage)

	[32mnew file:   ChapterRMDs/Chapter3.Rmd[m
	[32mnew file:   ChapterRMDs/Chapter3.nb.html[m
	[32mnew file:   ChapterRMDs/Chapter3d.Rmd[m
	[32mnew file:   ChapterRMDs/Chp2a.Rmd[m
	[32mnew file:   ChapterRMDs/Chp2a.nb.html[m
	[32mnew file:   ChapterRMDs/Chp4.rmd[m
	[32mnew file:   ChapterRMDs/Chp5.rmd[m
	[32mnew file:   Quizes/Quiz2.Rmd[m
	[32mnew file:   Quizes/Quiz2Practice.Rmd[m

Changes not staged for commit:
  (use "git add <file>..." to update what will be committed)
  (use "git checkout -- <file>..." to discard changes in working directory)

	[31mmodified:   .Rproj.user/3314FC08/console06/F1DA1B9D[m
	[31mmodified:   .Rproj.user/3314FC08/sources/prop/38FBECC2[m
	[31mmodified:   .Rproj.user/3314FC08/sources/prop/INDEX[m
	[31mmodified:   .Rproj.user/3314FC08/sources/s-BFA2856F/5541D42C[m
	[31mmodified:   .Rproj.user/3314FC08/sources/s-BFA2856F/5541D42C-contents[m
	[31mmodified:   .Rproj.user/shared/notebooks/paths[m

Untracked files:
  (use "git add <file>..." to include in what will be committed)

	[31m.Rproj.user/3314FC08/sources/prop/69AAE074[m
	[31m.Rproj.user/3314FC08/sources/prop/D2CE2120[m
	[31m.Rproj.user/3314FC08/sources/s-BFA2856F/1FCBA1FB-contents[m
	[31m.Rproj.user/3314FC08/sources/s-BFA2856F/5921176A-contents[m
	[31mMGMT2340(managerial_statistics).Rproj[m

]0;~/MGMT2340(managerial_statistics)Kadens-MBP-2:MGMT2340(managerial_statistics)  kaden$ git add .Rproj.user/3314FC08/console 06/F1DA1B9D
]0;~/MGMT2340(managerial_statistics)Kadens-MBP-2:MGMT2340(managerial_statistics)  kaden$ git add .Rproj.user/3314FC08/sources /prop/38FBECC2
]0;~/MGMT2340(managerial_statistics)Kadens-MBP-2:MGMT2340(managerial_statistics)  kaden$ git add Rproj.user/3314FC08/sources/ prop/INDEX
fatal: pathspec 'Rproj.user/3314FC08/sources/prop/INDEX' did not match any files
]0;~/MGMT2340(managerial_statistics)Kadens-MBP-2:MGMT2340(managerial_statistics)  kaden$ git add .Rproj.user/3314FC08/sources /s-BFA2856F/5541D42C
]0;~/MGMT2340(managerial_statistics)Kadens-MBP-2:MGMT2340(managerial_statistics)  kaden$ git add .Rproj.user/3314FC08/sources /s-BFA2856F/5541D42C-contents
]0;~/MGMT2340(managerial_statistics)Kadens-MBP-2:MGMT2340(managerial_statistics)  kaden$ git add .Rproj.user/shared/notebooks /paths
]0;~/MGMT2340(managerial_statistics)Kadens-MBP-2:MGMT2340(managerial_statistics)  kaden$ git add .Rproj.user/3314FC08/sources /prop/69AAE074
]0;~/MGMT2340(managerial_statistics)Kadens-MBP-2:MGMT2340(managerial_statistics)  kaden$ git add .Rproj.user/3314FC08/sources /prop/D2CE2120
]0;~/MGMT2340(managerial_statistics)Kadens-MBP-2:MGMT2340(managerial_statistics)  kaden$ git add .Rproj.user/3314FC08/sources /s-BFA2856F/1FCBA1FB-contents
]0;~/MGMT2340(managerial_statistics)Kadens-MBP-2:MGMT2340(managerial_statistics)  kaden$ gti ad[K[K[K[K[Kit add .Rproj.user/3314FC08/sources /s-BFA2856F/5921176A-contents
]0;~/MGMT2340(managerial_statistics)Kadens-MBP-2:MGMT2340(managerial_statistics)  kaden$ git add MGMT2340(managerial_statisti cs).Rproj
bash: syntax error near unexpected token `('
]0;~/MGMT2340(managerial_statistics)Kadens-MBP-2:MGMT2340(managerial_statistics)  kaden$ gi[Kit add MGMT2340.Rpeo[K[Kroj
]0;~/MGMT2340(managerial_statistics)Kadens-MBP-2:MGMT2340(managerial_statistics)  kaden$ git status
On branch master
Your branch is up to date with 'origin/master'.

Changes to be committed:
  (use "git reset HEAD <file>..." to unstage)

	[32mmodified:   .Rproj.user/3314FC08/console06/F1DA1B9D[m
	[32mmodified:   .Rproj.user/3314FC08/sources/prop/38FBECC2[m
	[32mnew file:   .Rproj.user/3314FC08/sources/prop/69AAE074[m
	[32mnew file:   .Rproj.user/3314FC08/sources/prop/D2CE2120[m
	[32mnew file:   .Rproj.user/3314FC08/sources/s-BFA2856F/1FCBA1FB-contents[m
	[32mmodified:   .Rproj.user/3314FC08/sources/s-BFA2856F/5541D42C[m
	[32mmodified:   .Rproj.user/3314FC08/sources/s-BFA2856F/5541D42C-contents[m
	[32mnew file:   .Rproj.user/3314FC08/sources/s-BFA2856F/5921176A-contents[m
	[32mmodified:   .Rproj.user/shared/notebooks/paths[m
	[32mnew file:   ChapterRMDs/Chapter3.Rmd[m
	[32mnew file:   ChapterRMDs/Chapter3.nb.html[m
	[32mnew file:   ChapterRMDs/Chapter3d.Rmd[m
	[32mnew file:   ChapterRMDs/Chp2a.Rmd[m
	[32mnew file:   ChapterRMDs/Chp2a.nb.html[m
	[32mnew file:   ChapterRMDs/Chp4.rmd[m
	[32mnew file:   ChapterRMDs/Chp5.rmd[m
	[32mnew file:   MGMT2340.Rproj[m
	[32mnew file:   Quizes/Quiz2.Rmd[m
	[32mnew file:   Quizes/Quiz2Practice.Rmd[m

Changes not staged for commit:
  (use "git add <file>..." to update what will be committed)
  (use "git checkout -- <file>..." to discard changes in working directory)

	[31mmodified:   .Rproj.user/3314FC08/console06/F1DA1B9D[m
	[31mmodified:   .Rproj.user/3314FC08/sources/prop/INDEX[m

]0;~/MGMT2340(managerial_statistics)Kadens-MBP-2:MGMT2340(managerial_statistics)  kaden$ git add .Rproj.user/3314FC08/console 06/F1DA1B9D
]0;~/MGMT2340(managerial_statistics)Kadens-MBP-2:MGMT2340(managerial_statistics)  kaden$ git add .Rproj.user/3314FC08/sources /prop/INDEX
]0;~/MGMT2340(managerial_statistics)Kadens-MBP-2:MGMT2340(managerial_statistics)  kaden$ gti [K[K[Kit status
On branch master
Your branch is up to date with 'origin/master'.

Changes to be committed:
  (use "git reset HEAD <file>..." to unstage)

	[32mmodified:   .Rproj.user/3314FC08/console06/F1DA1B9D[m
	[32mmodified:   .Rproj.user/3314FC08/sources/prop/38FBECC2[m
	[32mnew file:   .Rproj.user/3314FC08/sources/prop/69AAE074[m
	[32mnew file:   .Rproj.user/3314FC08/sources/prop/D2CE2120[m
	[32mmodified:   .Rproj.user/3314FC08/sources/prop/INDEX[m
	[32mnew file:   .Rproj.user/3314FC08/sources/s-BFA2856F/1FCBA1FB-contents[m
	[32mmodified:   .Rproj.user/3314FC08/sources/s-BFA2856F/5541D42C[m
	[32mmodified:   .Rproj.user/3314FC08/sources/s-BFA2856F/5541D42C-contents[m
	[32mnew file:   .Rproj.user/3314FC08/sources/s-BFA2856F/5921176A-contents[m
	[32mmodified:   .Rproj.user/shared/notebooks/paths[m
	[32mnew file:   ChapterRMDs/Chapter3.Rmd[m
	[32mnew file:   ChapterRMDs/Chapter3.nb.html[m
	[32mnew file:   ChapterRMDs/Chapter3d.Rmd[m
	[32mnew file:   ChapterRMDs/Chp2a.Rmd[m
	[32mnew file:   ChapterRMDs/Chp2a.nb.html[m
	[32mnew file:   ChapterRMDs/Chp4.rmd[m
	[32mnew file:   ChapterRMDs/Chp5.rmd[m
	[32mnew file:   MGMT2340.Rproj[m
	[32mnew file:   Quizes/Quiz2.Rmd[m
	[32mnew file:   Quizes/Quiz2Practice.Rmd[m

Changes not staged for commit:
  (use "git add <file>..." to update what will be committed)
  (use "git checkout -- <file>..." to discard changes in working directory)

	[31mmodified:   .Rproj.user/3314FC08/console06/F1DA1B9D[m

]0;~/MGMT2340(managerial_statistics)Kadens-MBP-2:MGMT2340(managerial_statistics)  kaden$ git add .Rproj.user/3314FC08/console 06/F1DA1B9D